Sun Feb  2 17:36:05 EST 2020
test-collide.js
10  pass
11  pass
polyLine hit!
20  pass
21  pass
test-mat2d.js
00  pass
10  pass
11  pass
12  pass
13  pass
13  FAIL
3.141592653589793
6.283185307179586
{
  a11: 1,
  a12: 2.4492935982947064e-16,
  a21: -2.4492935982947064e-16,
  a22: 1
}
test-missle.js
00  pass
10  pass
11  pass
12  pass
13  pass
21  pass
22  pass
31  pass
31  pass
test-ship.js
00  pass
10  pass
11  pass
12  pass
13  pass
21  pass
22  pass
test-star.js
10  pass
12  pass
13  pass
14  pass
test-body.js
1000
00  pass
10  pass
11  pass
20  pass
21  pass
22  pass
23  pass
24  pass
30  pass
31  pass
